{
  "name": "barnard59",
  "options": [
    {
      "args": {
        "name": "name=value"
      },
      "description": "Variable key/value pairs",
      "name": [
        "--variable"
      ]
    },
    {
      "description": "Import all environment variables",
      "name": [
        "--variable-all"
      ]
    },
    {
      "description": "Enable diagnostic console output",
      "name": [
        "-v",
        "--verbose"
      ]
    },
    {
      "description": "Disable all logging",
      "name": [
        "-q",
        "--quiet"
      ]
    },
    {
      "description": "Enable histogram of buffer usage",
      "name": [
        "--enable-buffer-monitor"
      ]
    },
    {
      "args": {
        "name": "level",
        "suggestions": [
          {
            "name": "NONE"
          },
          {
            "name": "ERROR"
          },
          {
            "name": "WARN"
          },
          {
            "name": "INFO"
          },
          {
            "name": "DEBUG"
          },
          {
            "name": "VERBOSE"
          },
          {
            "name": "ALL"
          }
        ]
      },
      "description": "Enable OpenTelemetry console diagnostic output",
      "name": [
        "--otel-debug"
      ]
    },
    {
      "args": {
        "name": "exporter",
        "suggestions": [
          {
            "name": "otlp"
          },
          {
            "name": "none"
          }
        ]
      },
      "description": "OpenTelemetry Metrics exporter to use",
      "name": [
        "--otel-metrics-exporter"
      ]
    },
    {
      "args": {
        "name": "milliseconds"
      },
      "description": "Export Metrics interval",
      "name": [
        "--otel-metrics-interval"
      ]
    },
    {
      "args": {
        "name": "exporter",
        "suggestions": [
          {
            "name": "otlp"
          },
          {
            "name": "none"
          }
        ]
      },
      "description": "OpenTelemetry Traces exporter to use",
      "name": [
        "--otel-traces-exporter"
      ]
    },
    {
      "description": "Display help for command",
      "name": [
        "-h",
        "--help"
      ],
      "priority": 49
    }
  ],
  "subcommands": [
    {
      "args": {
        "name": "filename"
      },
      "name": "run",
      "options": [
        {
          "args": {
            "isOptional": true,
            "name": "filename"
          },
          "description": "Output file",
          "name": [
            "--output"
          ]
        },
        {
          "args": {
            "isOptional": true,
            "name": "iri"
          },
          "description": "IRI of the pipeline description",
          "name": [
            "--pipeline"
          ]
        },
        {
          "args": {
            "name": "name=value"
          },
          "description": "Variable key/value pairs",
          "name": [
            "--variable"
          ]
        },
        {
          "description": "Import all environment variables",
          "name": [
            "--variable-all"
          ]
        },
        {
          "description": "Enable diagnostic console output",
          "name": [
            "-v",
            "--verbose"
          ]
        },
        {
          "description": "Disable all logging",
          "name": [
            "-q",
            "--quiet"
          ]
        },
        {
          "description": "Display help for command",
          "name": [
            "-h",
            "--help"
          ],
          "priority": 49
        }
      ]
    },
    {
      "name": "cube",
      "options": [
        {
          "description": "Output the version number",
          "name": [
            "-V",
            "--version"
          ]
        },
        {
          "description": "Display help for command",
          "name": [
            "-h",
            "--help"
          ],
          "priority": 49
        }
      ],
      "subcommands": [
        {
          "description": "Retrieves cube and its constraint shape from SPARQL endpoint",
          "name": "fetch-metadata",
          "options": [
            {
              "args": {
                "name": "endpoint"
              },
              "description": "SPARQL endpoint",
              "name": [
                "--endpoint"
              ]
            },
            {
              "args": {
                "name": "cube"
              },
              "description": "Cube URI",
              "name": [
                "--cube"
              ]
            },
            {
              "args": {
                "name": "name=value"
              },
              "description": "Variable key/value pairs",
              "name": [
                "--variable"
              ]
            },
            {
              "description": "Import all environment variables",
              "name": [
                "--variable-all"
              ]
            },
            {
              "description": "Enable diagnostic console output",
              "name": [
                "-v",
                "--verbose"
              ]
            },
            {
              "description": "Display help for command",
              "name": [
                "-h",
                "--help"
              ],
              "priority": 49
            }
          ]
        },
        {
          "description": "Validate input cube and its constraint against profile shapes",
          "name": "check-metadata",
          "options": [
            {
              "args": {
                "name": "profile"
              },
              "description": "Cube constraint profile URL",
              "name": [
                "--profile"
              ]
            },
            {
              "args": {
                "name": "profileFormat"
              },
              "description": "Override the profile format",
              "name": [
                "--profileFormat"
              ]
            },
            {
              "args": {
                "name": "name=value"
              },
              "description": "Variable key/value pairs",
              "name": [
                "--variable"
              ]
            },
            {
              "description": "Import all environment variables",
              "name": [
                "--variable-all"
              ]
            },
            {
              "description": "Enable diagnostic console output",
              "name": [
                "-v",
                "--verbose"
              ]
            },
            {
              "description": "Display help for command",
              "name": [
                "-h",
                "--help"
              ],
              "priority": 49
            }
          ]
        },
        {
          "description": "Retrieves cube observations from SPARQL endpoint",
          "name": "fetch-observations",
          "options": [
            {
              "args": {
                "name": "endpoint"
              },
              "description": "SPARQL endpoint",
              "name": [
                "--endpoint"
              ]
            },
            {
              "args": {
                "name": "cube"
              },
              "description": "Cube URI",
              "name": [
                "--cube"
              ]
            },
            {
              "args": {
                "name": "name=value"
              },
              "description": "Variable key/value pairs",
              "name": [
                "--variable"
              ]
            },
            {
              "description": "Import all environment variables",
              "name": [
                "--variable-all"
              ]
            },
            {
              "description": "Enable diagnostic console output",
              "name": [
                "-v",
                "--verbose"
              ]
            },
            {
              "description": "Display help for command",
              "name": [
                "-h",
                "--help"
              ],
              "priority": 49
            }
          ]
        },
        {
          "description": "Validate input observations against cube constraint",
          "name": "check-observations",
          "options": [
            {
              "args": {
                "name": "constraint"
              },
              "description": "Cube constraint file",
              "name": [
                "--constraint"
              ]
            },
            {
              "args": {
                "name": "batchSize"
              },
              "description": "Batch size",
              "name": [
                "--batchSize"
              ]
            },
            {
              "args": {
                "name": "maxViolations"
              },
              "description": "Max number of violations",
              "name": [
                "--maxViolations"
              ]
            },
            {
              "args": {
                "name": "sortChunkSize"
              },
              "description": "Sort chunk size",
              "name": [
                "--sortChunkSize"
              ]
            },
            {
              "args": {
                "name": "name=value"
              },
              "description": "Variable key/value pairs",
              "name": [
                "--variable"
              ]
            },
            {
              "description": "Import all environment variables",
              "name": [
                "--variable-all"
              ]
            },
            {
              "description": "Enable diagnostic console output",
              "name": [
                "-v",
                "--verbose"
              ]
            },
            {
              "description": "Display help for command",
              "name": [
                "-h",
                "--help"
              ],
              "priority": 49
            }
          ]
        },
        {
          "description": "Retrieves cube constraint from SPARQL endpoint",
          "name": "fetch-constraint",
          "options": [
            {
              "args": {
                "name": "endpoint"
              },
              "description": "SPARQL endpoint",
              "name": [
                "--endpoint"
              ]
            },
            {
              "args": {
                "name": "cube"
              },
              "description": "Cube URI",
              "name": [
                "--cube"
              ]
            },
            {
              "args": {
                "name": "name=value"
              },
              "description": "Variable key/value pairs",
              "name": [
                "--variable"
              ]
            },
            {
              "description": "Import all environment variables",
              "name": [
                "--variable-all"
              ]
            },
            {
              "description": "Enable diagnostic console output",
              "name": [
                "-v",
                "--verbose"
              ]
            },
            {
              "description": "Display help for command",
              "name": [
                "-h",
                "--help"
              ],
              "priority": 49
            }
          ]
        },
        {
          "description": "Retrieves cube with observations from SPARQL endpoint",
          "name": "fetch-cube",
          "options": [
            {
              "args": {
                "name": "endpoint"
              },
              "description": "SPARQL endpoint",
              "name": [
                "--endpoint"
              ]
            },
            {
              "args": {
                "name": "cube"
              },
              "description": "Cube URI",
              "name": [
                "--cube"
              ]
            },
            {
              "args": {
                "name": "name=value"
              },
              "description": "Variable key/value pairs",
              "name": [
                "--variable"
              ]
            },
            {
              "description": "Import all environment variables",
              "name": [
                "--variable-all"
              ]
            },
            {
              "description": "Enable diagnostic console output",
              "name": [
                "-v",
                "--verbose"
              ]
            },
            {
              "description": "Display help for command",
              "name": [
                "-h",
                "--help"
              ],
              "priority": 49
            }
          ]
        },
        {
          "args": {
            "isOptional": true,
            "name": "command",
            "template": "help"
          },
          "description": "Display help for command",
          "name": "help",
          "priority": 49
        }
      ]
    },
    {
      "name": "graph-store",
      "options": [
        {
          "description": "Output the version number",
          "name": [
            "-V",
            "--version"
          ]
        },
        {
          "description": "Display help for command",
          "name": [
            "-h",
            "--help"
          ],
          "priority": 49
        }
      ],
      "subcommands": [
        {
          "description": "Upload RDF documents using SPARQL Graph Store Protocol",
          "name": "put",
          "options": [
            {
              "args": {
                "name": "source"
              },
              "description": "Glob of RDF documents to upload",
              "name": [
                "--source"
              ]
            },
            {
              "args": {
                "name": "graph"
              },
              "name": [
                "--graph"
              ]
            },
            {
              "args": {
                "name": "endpoint"
              },
              "name": [
                "--endpoint"
              ]
            },
            {
              "args": {
                "name": "user"
              },
              "name": [
                "--user"
              ]
            },
            {
              "args": {
                "name": "password"
              },
              "name": [
                "--password"
              ]
            },
            {
              "args": {
                "name": "name=value"
              },
              "description": "Variable key/value pairs",
              "name": [
                "--variable"
              ]
            },
            {
              "description": "Import all environment variables",
              "name": [
                "--variable-all"
              ]
            },
            {
              "description": "Enable diagnostic console output",
              "name": [
                "-v",
                "--verbose"
              ]
            },
            {
              "description": "Display help for command",
              "name": [
                "-h",
                "--help"
              ],
              "priority": 49
            }
          ]
        },
        {
          "args": {
            "isOptional": true,
            "name": "command",
            "template": "help"
          },
          "description": "Display help for command",
          "name": "help",
          "priority": 49
        }
      ]
    },
    {
      "name": "shacl",
      "options": [
        {
          "description": "Output the version number",
          "name": [
            "-V",
            "--version"
          ]
        },
        {
          "description": "Display help for command",
          "name": [
            "-h",
            "--help"
          ],
          "priority": 49
        }
      ],
      "subcommands": [
        {
          "description": "Validates the RDF in standard input against a SHACL document",
          "name": "validate",
          "options": [
            {
              "args": {
                "name": "shapes"
              },
              "description": "URL or path of the shapes graph",
              "name": [
                "--shapes"
              ]
            },
            {
              "args": {
                "name": "shapesMediaType"
              },
              "description": "Override the shapes graph format",
              "name": [
                "--shapesMediaType"
              ]
            },
            {
              "args": {
                "name": "name=value"
              },
              "description": "Variable key/value pairs",
              "name": [
                "--variable"
              ]
            },
            {
              "description": "Import all environment variables",
              "name": [
                "--variable-all"
              ]
            },
            {
              "description": "Enable diagnostic console output",
              "name": [
                "-v",
                "--verbose"
              ]
            },
            {
              "description": "Display help for command",
              "name": [
                "-h",
                "--help"
              ],
              "priority": 49
            }
          ]
        },
        {
          "description": "Human-readable summary of SHACL validation report",
          "name": "report-summary",
          "options": [
            {
              "args": {
                "name": "name=value"
              },
              "description": "Variable key/value pairs",
              "name": [
                "--variable"
              ]
            },
            {
              "description": "Import all environment variables",
              "name": [
                "--variable-all"
              ]
            },
            {
              "description": "Enable diagnostic console output",
              "name": [
                "-v",
                "--verbose"
              ]
            },
            {
              "description": "Display help for command",
              "name": [
                "-h",
                "--help"
              ],
              "priority": 49
            }
          ]
        },
        {
          "args": {
            "isOptional": true,
            "name": "command",
            "template": "help"
          },
          "description": "Display help for command",
          "name": "help",
          "priority": 49
        }
      ]
    },
    {
      "args": {
        "isOptional": true,
        "name": "command",
        "template": "help"
      },
      "description": "Display help for command",
      "name": "help",
      "priority": 49
    }
  ]
}
