{
  "args": [
    {
      "generators": [
        {
          "js_source": "(g,w,x)=>Fe(this,void 0,void 0,function*(){var f;let{isDangerous:S,currentWorkingDirectory:N,searchTerm:k}=x,O=(f=(0,M.getCurrentInsertedDirectory)(c??N,k,x))!==null&&f!==void 0?f:\"/\";try{let ce=yield w({command:\"ls\",args:[\"-1ApL\"],cwd:O}),xe=me(ce.stdout.split(`\n`),[\".DS_Store\"]),pe=[];for(let W of xe)if(W){let Z=W.endsWith(\"/\")?\"folders\":\"filepaths\";(Z===\"filepaths\"&&p!==\"only\"||Z===\"folders\"&&p!==\"never\")&&pe.push({type:Z===\"filepaths\"?\"file\":\"folder\",name:W,insertValue:W,isDangerous:S,context:{templateType:Z}})}return h(y(pe))}catch{return[]}})",
          "requires_js": true
        },
        {
          "cache": {
            "cache_by_directory": true
          },
          "js_source": "function(e,[n]){if(e.trim()==\"\")return[];try{let t=JSON.parse(e),a=t.scripts,i=t.fig||{};if(a)return Object.entries(a).map(([s,o])=>{let c=n===\"yarn\"?\"fig://icon?type=yarn\":\"fig://icon?type=npm\",p=i[s];return{name:s,icon:c,description:o,priority:51,...p}})}catch(t){console.error(t)}return[]}",
          "requires_js": true,
          "script": [
            "bash",
            "-c",
            "until [[ -f package.json ]] || [[ $PWD = '/' ]]; do cd ..; done; cat package.json"
          ]
        }
      ],
      "name": "file"
    },
    {
      "name": "args"
    }
  ],
  "description": "A fast bundler, transpiler, JavaScript Runtime and package manager for web software",
  "name": "bun",
  "options": [
    {
      "args": {
        "description": "Activate inspector on particular port and/or hostname",
        "isOptional": true,
        "name": "[host:]port",
        "suggestions": [
          {
            "description": "Serve on port 3000",
            "name": "3000"
          },
          {
            "description": "Serve on port 8080",
            "name": "8080"
          }
        ]
      },
      "description": "Activate Bun's debugger for a file",
      "name": [
        "--inspect"
      ]
    },
    {
      "args": {
        "description": "Activate inspector on particular port and/or hostname",
        "isOptional": true,
        "name": "[host:]port",
        "suggestions": [
          {
            "description": "Serve on port 3000",
            "name": "3000"
          },
          {
            "description": "Serve on port 8080",
            "name": "8080"
          }
        ]
      },
      "description": "Activate Bun's Debugger, wait for a connection before executing",
      "name": [
        "--inspect-wait"
      ]
    },
    {
      "args": {
        "description": "Activate inspector on particular port and/or hostname",
        "isOptional": true,
        "name": "[host:]port",
        "suggestions": [
          {
            "description": "Serve on port 3000",
            "name": "3000"
          },
          {
            "description": "Serve on port 8080",
            "name": "8080"
          }
        ]
      },
      "description": "Activate Bun's Debugger, set breakpoint on first line of code and wait",
      "name": [
        "--inspect-brk"
      ]
    },
    {
      "description": "Enable auto reload in the Bun runtime, test runner, or bundler",
      "name": [
        "--hot"
      ]
    },
    {
      "description": "Automatically restart the process on file change",
      "name": [
        "--watch"
      ]
    }
  ],
  "subcommands": [
    {
      "args": [
        {
          "description": "Package from @bun-examples, GitHub repo, or local file",
          "generators": [
            {
              "template": "folders"
            },
            {
              "js_source": "async(e,n,t)=>{let{stdout:a}=await n({command:\"ls\",args:[\"-1\",`${t.environmentVariables.HOME}/.bun-create`]});return a.split(`\n`).map(i=>({name:i}))}",
              "requires_js": true
            },
            {
              "script": [
                "command",
                "ls",
                "-1",
                ".bun-create"
              ],
              "transforms": [
                "split_lines",
                "filter_empty"
              ]
            },
            {
              "js_source": "function(e){return e[e.length-1]===\"\"?void 0:[\"curl\",\"-s\",\"-H\",\"Accept: application/json\",`https://api.npms.io/v2/search?q=${\"create-\"+e[e.length-1]}&size=20`]}",
              "requires_js": true
            }
          ],
          "name": "template",
          "suggestions": [
            {
              "name": "react"
            },
            {
              "name": "next"
            },
            {
              "name": "hono"
            },
            {
              "name": "discord-interactions"
            },
            {
              "name": "blank"
            },
            {
              "name": "bun-bakery"
            },
            {
              "name": "react-native-app"
            },
            {
              "name": "completion-spec"
            },
            {
              "name": "next-app"
            },
            {
              "name": "t3-app"
            },
            {
              "name": "discord-bot"
            },
            {
              "name": "video"
            },
            {
              "name": "remix"
            }
          ]
        },
        {
          "name": "name",
          "template": "folders"
        }
      ],
      "description": "Start a new project from a template",
      "name": "c",
      "options": [
        {
          "description": "Overwrite existing files",
          "name": [
            "--force"
          ]
        },
        {
          "description": "Don't install node_modules",
          "name": [
            "--no-install"
          ]
        },
        {
          "description": "Don't create a git repository",
          "name": [
            "--no-git"
          ]
        },
        {
          "description": "Too many logs",
          "name": [
            "--verbose"
          ]
        },
        {
          "description": "Disable package.json transforms",
          "name": [
            "--no-package-json"
          ]
        },
        {
          "description": "On finish, start bun and open in browser",
          "name": [
            "--open"
          ]
        }
      ]
    },
    {
      "args": {
        "generators": [
          {
            "js_source": "(g,w,x)=>Fe(this,void 0,void 0,function*(){var f;let{isDangerous:S,currentWorkingDirectory:N,searchTerm:k}=x,O=(f=(0,M.getCurrentInsertedDirectory)(c??N,k,x))!==null&&f!==void 0?f:\"/\";try{let ce=yield w({command:\"ls\",args:[\"-1ApL\"],cwd:O}),xe=me(ce.stdout.split(`\n`),[\".DS_Store\"]),pe=[];for(let W of xe)if(W){let Z=W.endsWith(\"/\")?\"folders\":\"filepaths\";(Z===\"filepaths\"&&p!==\"only\"||Z===\"folders\"&&p!==\"never\")&&pe.push({type:Z===\"filepaths\"?\"file\":\"folder\",name:W,insertValue:W,isDangerous:S,context:{templateType:Z}})}return h(y(pe))}catch{return[]}})",
            "requires_js": true
          },
          {
            "cache": {
              "cache_by_directory": true
            },
            "js_source": "function(e,[n]){if(e.trim()==\"\")return[];try{let t=JSON.parse(e),a=t.scripts,i=t.fig||{};if(a)return Object.entries(a).map(([s,o])=>{let c=n===\"yarn\"?\"fig://icon?type=yarn\":\"fig://icon?type=npm\",p=i[s];return{name:s,icon:c,description:o,priority:51,...p}})}catch(t){console.error(t)}return[]}",
            "requires_js": true,
            "script": [
              "bash",
              "-c",
              "until [[ -f package.json ]] || [[ $PWD = '/' ]]; do cd ..; done; cat package.json"
            ]
          }
        ],
        "name": "script"
      },
      "description": "Run a package.json script or executable",
      "name": "run"
    },
    {
      "description": "Install dependencies for a package.json",
      "name": "i",
      "options": [
        {
          "args": {
            "isOptional": true,
            "name": "path",
            "template": "filepaths"
          },
          "description": "Load config (bunfig.toml)",
          "name": [
            "-c",
            "--config"
          ]
        },
        {
          "description": "Write a yarn.lock file (yarn v1)",
          "name": [
            "-y",
            "--yarn"
          ]
        },
        {
          "description": "Don't install devDependencies",
          "name": [
            "-p",
            "--production"
          ]
        },
        {
          "description": "Don't save a lockfile",
          "name": [
            "--no-save"
          ]
        },
        {
          "description": "Save to package.json",
          "name": [
            "--save"
          ]
        },
        {
          "description": "Don't install anything",
          "name": [
            "--dry-run"
          ]
        },
        {
          "description": "Disallow changes to lockfile",
          "name": [
            "--frozen-lockfile"
          ]
        },
        {
          "description": "Always request the latest versions from the registry & reinstall all dependencies",
          "name": [
            "-f",
            "--force"
          ]
        },
        {
          "args": {
            "name": "path",
            "template": "folders"
          },
          "description": "Store & load cached data from a specific directory path",
          "name": [
            "--cache-dir"
          ]
        },
        {
          "description": "Ignore manifest cache entirely",
          "name": [
            "--no-cache"
          ]
        },
        {
          "description": "Don't log anything",
          "name": [
            "--silent"
          ]
        },
        {
          "description": "Excessively verbose logging",
          "name": [
            "--verbose"
          ]
        },
        {
          "description": "Install globally",
          "name": [
            "-g",
            "--global"
          ]
        },
        {
          "args": {
            "name": "path",
            "template": "folders"
          },
          "description": "Set a specific cwd",
          "name": [
            "--cwd"
          ]
        },
        {
          "args": {
            "name": "syscall",
            "suggestions": [
              {
                "name": "clonefile"
              },
              {
                "name": "copyfile"
              }
            ]
          },
          "description": "Platform-specific optimizations for installing dependencies. For macOS, 'clonefile' (default), 'copyfile'",
          "name": [
            "--backend"
          ]
        },
        {
          "args": {
            "isVariadic": true,
            "name": "str"
          },
          "description": "Link 'bin' from a matching platform-specific 'optionalDependencies' instead. Default: esbuild, turbo",
          "name": [
            "--link-native-bins"
          ]
        },
        {
          "description": "Print the help menu",
          "name": [
            "--help"
          ]
        },
        {
          "description": "Disable the progress bar",
          "name": [
            "--no-progress"
          ]
        },
        {
          "description": "Don't print a summary",
          "name": [
            "--no-summary"
          ]
        },
        {
          "description": "Skip verifying integrity of newly downloaded packages",
          "name": [
            "--no-verify"
          ]
        },
        {
          "description": "Skip lifecycle scripts in the project's package.json (dependency scripts are never run)",
          "name": [
            "--ignore-scripts"
          ]
        },
        {
          "description": "Install as devDependency",
          "name": [
            "-d",
            "--dev",
            "-D",
            "--development"
          ]
        },
        {
          "description": "Install exact version",
          "name": [
            "--exact"
          ]
        },
        {
          "description": "Install as optionalDependency",
          "name": [
            "--optional"
          ]
        }
      ]
    },
    {
      "args": {
        "generators": [
          {
            "js_source": "async(n,t,a)=>{let i=n[n.length-1];if(i===\"\")return[];let s=e&&e.length>0?`+keywords:${e.join(\",\")}`:\"\",c=[\"-s\",\"-H\",\"Accept: application/json\",s?`https://api.npms.io/v2/search?size=20&q=${i}${s}`:`https://api.npms.io/v2/search/suggestions?q=${i}&size=20`],p=[\"-s\",\"-H\",\"Accept: application/vnd.npm.install-v1+json\",`https://registry.npmjs.org/${i.slice(0,-1)}`],d=l=>t({command:\"curl\",args:l[l.length-1]===\"@\"?p:c}),r=i.startsWith(\"@\")?ae(i)>1:i.includes(\"@\");try{let l=JSON.parse((await d(i)).stdout);if(r){let h=Object.entries(l[\"dist-tags\"]||{}).map(([g,w])=>({name:g,description:w}));return h.push(...Object.keys(l.versions).map(g=>({name:g})).reverse()),h}return(s?l.results:l).map(h=>({name:h.package.name,description:h.package.description}))}catch(l){return console.error({error:l}),[]}}",
            "requires_js": true
          }
        ],
        "isVariadic": true,
        "name": "package"
      },
      "description": "Add a dependency to package.json",
      "name": "a",
      "options": [
        {
          "args": {
            "isOptional": true,
            "name": "path",
            "template": "filepaths"
          },
          "description": "Load config (bunfig.toml)",
          "name": [
            "-c",
            "--config"
          ]
        },
        {
          "description": "Write a yarn.lock file (yarn v1)",
          "name": [
            "-y",
            "--yarn"
          ]
        },
        {
          "description": "Don't install devDependencies",
          "name": [
            "-p",
            "--production"
          ]
        },
        {
          "description": "Don't save a lockfile",
          "name": [
            "--no-save"
          ]
        },
        {
          "description": "Save to package.json",
          "name": [
            "--save"
          ]
        },
        {
          "description": "Don't install anything",
          "name": [
            "--dry-run"
          ]
        },
        {
          "description": "Disallow changes to lockfile",
          "name": [
            "--frozen-lockfile"
          ]
        },
        {
          "description": "Always request the latest versions from the registry & reinstall all dependencies",
          "name": [
            "-f",
            "--force"
          ]
        },
        {
          "args": {
            "name": "path",
            "template": "folders"
          },
          "description": "Store & load cached data from a specific directory path",
          "name": [
            "--cache-dir"
          ]
        },
        {
          "description": "Ignore manifest cache entirely",
          "name": [
            "--no-cache"
          ]
        },
        {
          "description": "Don't log anything",
          "name": [
            "--silent"
          ]
        },
        {
          "description": "Excessively verbose logging",
          "name": [
            "--verbose"
          ]
        },
        {
          "description": "Install globally",
          "name": [
            "-g",
            "--global"
          ]
        },
        {
          "args": {
            "name": "path",
            "template": "folders"
          },
          "description": "Set a specific cwd",
          "name": [
            "--cwd"
          ]
        },
        {
          "args": {
            "name": "syscall",
            "suggestions": [
              {
                "name": "clonefile"
              },
              {
                "name": "copyfile"
              }
            ]
          },
          "description": "Platform-specific optimizations for installing dependencies. For macOS, 'clonefile' (default), 'copyfile'",
          "name": [
            "--backend"
          ]
        },
        {
          "args": {
            "isVariadic": true,
            "name": "str"
          },
          "description": "Link 'bin' from a matching platform-specific 'optionalDependencies' instead. Default: esbuild, turbo",
          "name": [
            "--link-native-bins"
          ]
        },
        {
          "description": "Print the help menu",
          "name": [
            "--help"
          ]
        },
        {
          "description": "Disable the progress bar",
          "name": [
            "--no-progress"
          ]
        },
        {
          "description": "Don't print a summary",
          "name": [
            "--no-summary"
          ]
        },
        {
          "description": "Skip verifying integrity of newly downloaded packages",
          "name": [
            "--no-verify"
          ]
        },
        {
          "description": "Skip lifecycle scripts in the project's package.json (dependency scripts are never run)",
          "name": [
            "--ignore-scripts"
          ]
        },
        {
          "description": "Install as devDependency",
          "name": [
            "-d",
            "--dev",
            "-D",
            "--development"
          ]
        },
        {
          "description": "Install exact version",
          "name": [
            "--exact"
          ]
        },
        {
          "description": "Install as optionalDependency",
          "name": [
            "--optional"
          ]
        }
      ]
    },
    {
      "args": {
        "generators": [
          {
            "js_source": "async function(e,n){if(!e.includes(\"-g\")&&!e.includes(\"--global\")){let{stdout:t}=await n({command:\"npm\",args:[\"prefix\"]}),{stdout:a}=await n({command:\"cat\",args:[`${t}/package.json`]}),i=JSON.parse(a),s=i.dependencies??{},o=i.devDependencies,c=i.optionalDependencies??{};return Object.assign(s,o,c),Object.keys(s).filter(p=>!e.some(r=>r===p)).map(p=>({name:p,icon:\"\\u{1F4E6}\",description:s[p]?\"dependency\":c[p]?\"optionalDependency\":\"devDependency\"}))}else{let{stdout:t}=await n({command:\"bash\",args:[\"-c\",\"ls -1 `npm root -g`\"]});return t.split(`\n`).map(a=>({name:a,icon:\"\\u{1F4E6}\",description:\"Global dependency\"}))}}",
            "requires_js": true
          }
        ],
        "isVariadic": true,
        "name": "package"
      },
      "description": "Remove a dependency from package.json",
      "name": "rm",
      "options": [
        {
          "args": {
            "isOptional": true,
            "name": "path",
            "template": "filepaths"
          },
          "description": "Load config (bunfig.toml)",
          "name": [
            "-c",
            "--config"
          ]
        },
        {
          "description": "Write a yarn.lock file (yarn v1)",
          "name": [
            "-y",
            "--yarn"
          ]
        },
        {
          "description": "Don't install devDependencies",
          "name": [
            "-p",
            "--production"
          ]
        },
        {
          "description": "Don't save a lockfile",
          "name": [
            "--no-save"
          ]
        },
        {
          "description": "Save to package.json",
          "name": [
            "--save"
          ]
        },
        {
          "description": "Don't install anything",
          "name": [
            "--dry-run"
          ]
        },
        {
          "description": "Disallow changes to lockfile",
          "name": [
            "--frozen-lockfile"
          ]
        },
        {
          "description": "Always request the latest versions from the registry & reinstall all dependencies",
          "name": [
            "-f",
            "--force"
          ]
        },
        {
          "args": {
            "name": "path",
            "template": "folders"
          },
          "description": "Store & load cached data from a specific directory path",
          "name": [
            "--cache-dir"
          ]
        },
        {
          "description": "Ignore manifest cache entirely",
          "name": [
            "--no-cache"
          ]
        },
        {
          "description": "Don't log anything",
          "name": [
            "--silent"
          ]
        },
        {
          "description": "Excessively verbose logging",
          "name": [
            "--verbose"
          ]
        },
        {
          "description": "Install globally",
          "name": [
            "-g",
            "--global"
          ]
        },
        {
          "args": {
            "name": "path",
            "template": "folders"
          },
          "description": "Set a specific cwd",
          "name": [
            "--cwd"
          ]
        },
        {
          "args": {
            "name": "syscall",
            "suggestions": [
              {
                "name": "clonefile"
              },
              {
                "name": "copyfile"
              }
            ]
          },
          "description": "Platform-specific optimizations for installing dependencies. For macOS, 'clonefile' (default), 'copyfile'",
          "name": [
            "--backend"
          ]
        },
        {
          "args": {
            "isVariadic": true,
            "name": "str"
          },
          "description": "Link 'bin' from a matching platform-specific 'optionalDependencies' instead. Default: esbuild, turbo",
          "name": [
            "--link-native-bins"
          ]
        },
        {
          "description": "Print the help menu",
          "name": [
            "--help"
          ]
        },
        {
          "description": "Disable the progress bar",
          "name": [
            "--no-progress"
          ]
        },
        {
          "description": "Don't print a summary",
          "name": [
            "--no-summary"
          ]
        },
        {
          "description": "Skip verifying integrity of newly downloaded packages",
          "name": [
            "--no-verify"
          ]
        },
        {
          "description": "Skip lifecycle scripts in the project's package.json (dependency scripts are never run)",
          "name": [
            "--ignore-scripts"
          ]
        },
        {
          "description": "Install as devDependency",
          "name": [
            "-d",
            "--dev",
            "-D",
            "--development"
          ]
        },
        {
          "description": "Install exact version",
          "name": [
            "--exact"
          ]
        },
        {
          "description": "Install as optionalDependency",
          "name": [
            "--optional"
          ]
        }
      ]
    },
    {
      "args": {
        "description": "Entrypoint to bundle. If multiple entrypoints provided, must specify --outdir",
        "generators": [
          {
            "js_source": "(g,w,x)=>Fe(this,void 0,void 0,function*(){var f;let{isDangerous:S,currentWorkingDirectory:N,searchTerm:k}=x,O=(f=(0,M.getCurrentInsertedDirectory)(c??N,k,x))!==null&&f!==void 0?f:\"/\";try{let ce=yield w({command:\"ls\",args:[\"-1ApL\"],cwd:O}),xe=me(ce.stdout.split(`\n`),[\".DS_Store\"]),pe=[];for(let W of xe)if(W){let Z=W.endsWith(\"/\")?\"folders\":\"filepaths\";(Z===\"filepaths\"&&p!==\"only\"||Z===\"folders\"&&p!==\"never\")&&pe.push({type:Z===\"filepaths\"?\"file\":\"folder\",name:W,insertValue:W,isDangerous:S,context:{templateType:Z}})}return h(y(pe))}catch{return[]}})",
            "requires_js": true
          }
        ],
        "isVariadic": true,
        "name": "entrypoints"
      },
      "description": "Bundle files using Bun's native bundler",
      "name": "build",
      "options": [
        {
          "description": "Display this help and exit",
          "name": [
            "-h",
            "--help"
          ]
        },
        {
          "description": "Force a script or package to use Bun's runtime instead of Node.js (via symlinking node)",
          "name": [
            "-b",
            "--bun"
          ]
        },
        {
          "args": {
            "description": "Absolute path to resolve files & entry points from. This just changes the process' cwd",
            "name": "path"
          },
          "name": [
            "--cwd"
          ]
        },
        {
          "args": {
            "description": "Config file to load Bun from (e.g. -c bunfig.toml)",
            "isOptional": true,
            "name": "path",
            "template": "filepaths"
          },
          "description": "Load config (bunfig.toml)",
          "name": [
            "-c",
            "--config"
          ]
        },
        {
          "args": {
            "description": "Defaults to: .tsx,.ts,.jsx,.js,.json",
            "isVariadic": true,
            "name": "order"
          },
          "name": [
            "--extension-order"
          ]
        },
        {
          "args": {
            "name": "name",
            "suggestions": [
              {
                "name": "React.createElement"
              },
              {
                "name": "h"
              },
              {
                "name": "preact.h"
              }
            ]
          },
          "description": "Changes the function called when compiling JSX elements using the classic JSX runtime",
          "name": [
            "--jsx-factory"
          ]
        },
        {
          "args": {
            "isOptional": true,
            "name": "string"
          },
          "description": "Changes the function called when compiling JSX fragments",
          "name": [
            "--jsx-fragment"
          ]
        },
        {
          "args": {
            "name": "module",
            "suggestions": [
              {
                "name": "react"
              }
            ]
          },
          "description": "Declares the module specifier to be used for importing the jsx and jsxs factory functions. Default: \"react\"",
          "name": [
            "--jsx-import-source"
          ]
        },
        {
          "args": {
            "name": "name",
            "suggestions": [
              {
                "name": "automatic"
              },
              {
                "name": "classic"
              }
            ]
          },
          "description": "\"automatic\" (default) or \"classic\"",
          "name": [
            "--jsx-runtime"
          ]
        },
        {
          "args": {
            "description": "Import a module before other modules are loaded",
            "isVariadic": true,
            "name": "args"
          },
          "name": [
            "-r",
            "--preload"
          ]
        },
        {
          "args": {
            "description": "Main fields to lookup in package.json. Defaults to --target dependent",
            "isVariadic": true,
            "name": "args"
          },
          "name": [
            "--main-fields"
          ]
        },
        {
          "description": "Don't print a summary (when generating .bun)",
          "name": [
            "--no-summary"
          ]
        },
        {
          "description": "Print version and exit",
          "name": [
            "-v",
            "--version"
          ]
        },
        {
          "description": "Print version with revision and exit",
          "name": [
            "--revision"
          ]
        },
        {
          "args": {
            "description": "Load tsconfig from path instead of cwd/tsconfig.json",
            "name": "overrides"
          },
          "name": [
            "--tsconfig-override"
          ]
        },
        {
          "args": {
            "description": "Substitute key=value while parsing, e.g. --define process.env.NODE_ENV=development",
            "isVariadic": true,
            "name": "k=v"
          },
          "name": [
            "-d",
            "--define"
          ]
        },
        {
          "args": {
            "description": "Exclude module from transpilation (can use * wildcards). ex: -e react",
            "isVariadic": true,
            "name": "args"
          },
          "name": [
            "-e",
            "--external"
          ]
        },
        {
          "args": {
            "description": "Parse files with .ext:loader, e.g. --loader .js:jsx. Valid loaders: js, jsx, ts, tsx, json, toml, text, file, wasm, napi",
            "generators": [
              {
                "js_source": "(...d)=>G(this,void 0,void 0,function*(){let[r]=d,l=r[r.length-1],y=J(l,e,n),h=y===-1||l.slice(y,y+e.length)!==e,g=h?t:a,w=he(h,i),f=yield ie(g,h?s?e:\"\":o?n:\"\",w,d);if(h){if(c)return f;let N=l.split(n).map(k=>k.slice(0,k.indexOf(e)));return te(N,f)}if(p)return f;let S=l.split(n).map(N=>N.slice(N.indexOf(e)+e.length));return te(S,f)})",
                "requires_js": true
              }
            ],
            "isVariadic": true,
            "name": "args"
          },
          "name": [
            "-l",
            "--loader"
          ]
        },
        {
          "args": {
            "description": "Rewrite import URLs to start with --origin. Default: \"\"",
            "name": "args"
          },
          "name": [
            "-u",
            "--origin"
          ]
        },
        {
          "args": {
            "description": "Port to serve Bun's dev server on. Default: \"3000\"",
            "name": "args"
          },
          "name": [
            "-p",
            "--port"
          ]
        },
        {
          "description": "Use less memory, but run garbage collection more often",
          "name": [
            "--smol"
          ]
        },
        {
          "description": "Minify (experimental)",
          "name": [
            "--minify"
          ]
        },
        {
          "description": "Minify syntax and inline data (experimental)",
          "name": [
            "--minify-syntax"
          ]
        },
        {
          "description": "Minify whitespace (experimental)",
          "name": [
            "--minify-whitespace"
          ]
        },
        {
          "description": "Minify identifiers",
          "name": [
            "--minify-identifiers"
          ]
        },
        {
          "description": "Disable macros from being executed in the bundler, transpiler and runtime",
          "name": [
            "--no-macros"
          ]
        },
        {
          "args": {
            "generators": [
              {
                "js_source": "(...s)=>G(this,void 0,void 0,function*(){var o;let c=yield ie(n,a?e:\"\",t,s);if(i)return c;let[p]=s,d=(o=p[p.length-1])===null||o===void 0?void 0:o.split(e);return te(d,c)})",
                "requires_js": true
              }
            ]
          },
          "description": "Target environment",
          "name": [
            "--target"
          ]
        },
        {
          "args": {
            "description": "Activate inspector on particular port and/or hostname",
            "isOptional": true,
            "name": "[host:]port",
            "suggestions": [
              {
                "description": "Serve on port 3000",
                "name": "3000"
              },
              {
                "description": "Serve on port 8080",
                "name": "8080"
              }
            ]
          },
          "description": "Activate Bun's debugger for a file",
          "name": [
            "--inspect"
          ]
        },
        {
          "args": {
            "description": "Activate inspector on particular port and/or hostname",
            "isOptional": true,
            "name": "[host:]port",
            "suggestions": [
              {
                "description": "Serve on port 3000",
                "name": "3000"
              },
              {
                "description": "Serve on port 8080",
                "name": "8080"
              }
            ]
          },
          "description": "Activate Bun's Debugger, wait for a connection before executing",
          "name": [
            "--inspect-wait"
          ]
        },
        {
          "args": {
            "description": "Activate inspector on particular port and/or hostname",
            "isOptional": true,
            "name": "[host:]port",
            "suggestions": [
              {
                "description": "Serve on port 3000",
                "name": "3000"
              },
              {
                "description": "Serve on port 8080",
                "name": "8080"
              }
            ]
          },
          "description": "Activate Bun's Debugger, set breakpoint on first line of code and wait",
          "name": [
            "--inspect-brk"
          ]
        },
        {
          "description": "Exit if the entrypoint does not exist",
          "name": [
            "--if-present"
          ]
        },
        {
          "description": "Enable auto reload in the Bun runtime, test runner, or bundler",
          "name": [
            "--hot"
          ]
        },
        {
          "description": "Automatically restart the process on file change",
          "name": [
            "--watch"
          ]
        },
        {
          "description": "Disable auto install in the Bun runtime",
          "name": [
            "--no-install"
          ]
        },
        {
          "description": "Automatically install dependencies and use global cache in Bun's runtime, equivalent to --install=fallback",
          "name": [
            "-i"
          ]
        },
        {
          "args": {
            "description": "Install dependencies automatically when no node_modules are present, default: \"auto\". \"force\" to ignore node_modules, fallback to install any missing",
            "name": "arg",
            "suggestions": [
              {
                "name": "auto"
              },
              {
                "name": "force"
              },
              {
                "name": "fallback"
              },
              {
                "name": "disable"
              }
            ]
          },
          "name": [
            "--install"
          ]
        },
        {
          "description": "Skip staleness checks for packages in the Bun runtime and resolve from disk",
          "name": [
            "--prefer-offline"
          ]
        },
        {
          "description": "Use the latest matching versions of packages in the Bun runtime, always checking npm",
          "name": [
            "--prefer-latest"
          ]
        },
        {
          "description": "Don't repeat the command for bun run",
          "name": [
            "--silent"
          ]
        },
        {
          "description": "Generate a standalone Bun executable containing your bundled code",
          "name": [
            "compile"
          ]
        },
        {
          "args": {
            "name": "args",
            "suggestions": [
              {
                "name": "esm"
              }
            ]
          },
          "description": "Specifies the module format to build to. Only esm is supported currently",
          "name": [
            "--format"
          ]
        },
        {
          "args": {
            "name": "path"
          },
          "description": "Default to \"dist\" if multiple files",
          "name": [
            "--outdir"
          ]
        },
        {
          "args": {
            "name": "path"
          },
          "description": "Write to a file",
          "name": [
            "--outfile"
          ]
        },
        {
          "args": {
            "name": "path"
          },
          "description": "Root directory used for multiple entry points",
          "name": [
            "--root"
          ]
        },
        {
          "description": "Enable code splitting",
          "name": [
            "--splitting"
          ]
        },
        {
          "args": {
            "name": "args"
          },
          "description": "A prefix to be appended to any import paths in bundled code",
          "name": [
            "--public-path"
          ]
        },
        {
          "args": {
            "isOptional": true,
            "name": "args",
            "suggestions": [
              {
                "name": "inline"
              },
              {
                "name": "external"
              },
              {
                "name": "none"
              }
            ]
          },
          "description": "Build with sourcemaps - 'inline', 'external', or 'none'",
          "name": [
            "--sourcemap"
          ]
        },
        {
          "args": {
            "name": "args"
          },
          "description": "Customize entry point filenames. Defaults to \"[dir]/[name].[ext]\"",
          "name": [
            "--entry-naming"
          ]
        },
        {
          "args": {
            "name": "args"
          },
          "description": "Customize chunk filenames. Defaults to \"[name]-[hash].[ext]\"",
          "name": [
            "--chunk-naming"
          ]
        },
        {
          "args": {
            "name": "args"
          },
          "description": "Customize asset filenames. Defaults to \"[name]-[hash].[ext]\"",
          "name": [
            "--asset-naming"
          ]
        },
        {
          "description": "Enable React Server Components (experimental)",
          "name": [
            "--server-components"
          ]
        },
        {
          "description": "Transpile file only, do not bundle",
          "name": [
            "--no-bundle"
          ]
        },
        {
          "description": "Dump environment variables from .env and process as JSON and quit. Useful for debugging",
          "name": [
            "--dump-environment-variables"
          ]
        },
        {
          "description": "Dump system limits. Useful for debugging",
          "name": [
            "--dump-limits"
          ]
        }
      ]
    },
    {
      "args": {
        "generators": [
          {
            "js_source": "async function(e,n){if(!e.includes(\"-g\")&&!e.includes(\"--global\")){let{stdout:t}=await n({command:\"npm\",args:[\"prefix\"]}),{stdout:a}=await n({command:\"cat\",args:[`${t}/package.json`]}),i=JSON.parse(a),s=i.dependencies??{},o=i.devDependencies,c=i.optionalDependencies??{};return Object.assign(s,o,c),Object.keys(s).filter(p=>!e.some(r=>r===p)).map(p=>({name:p,icon:\"\\u{1F4E6}\",description:s[p]?\"dependency\":c[p]?\"optionalDependency\":\"devDependency\"}))}else{let{stdout:t}=await n({command:\"bash\",args:[\"-c\",\"ls -1 `npm root -g`\"]});return t.split(`\n`).map(a=>({name:a,icon:\"\\u{1F4E6}\",description:\"Global dependency\"}))}}",
            "requires_js": true
          }
        ],
        "isOptional": true,
        "isVariadic": true,
        "name": "package"
      },
      "description": "Update outdated dependencies",
      "name": "update",
      "options": [
        {
          "args": {
            "isOptional": true,
            "name": "path",
            "template": "filepaths"
          },
          "description": "Load config (bunfig.toml)",
          "name": [
            "-c",
            "--config"
          ]
        },
        {
          "description": "Write a yarn.lock file (yarn v1)",
          "name": [
            "-y",
            "--yarn"
          ]
        },
        {
          "description": "Don't install devDependencies",
          "name": [
            "-p",
            "--production"
          ]
        },
        {
          "description": "Don't save a lockfile",
          "name": [
            "--no-save"
          ]
        },
        {
          "description": "Save to package.json",
          "name": [
            "--save"
          ]
        },
        {
          "description": "Don't install anything",
          "name": [
            "--dry-run"
          ]
        },
        {
          "description": "Disallow changes to lockfile",
          "name": [
            "--frozen-lockfile"
          ]
        },
        {
          "description": "Always request the latest versions from the registry & reinstall all dependencies",
          "name": [
            "-f",
            "--force"
          ]
        },
        {
          "args": {
            "name": "path",
            "template": "folders"
          },
          "description": "Store & load cached data from a specific directory path",
          "name": [
            "--cache-dir"
          ]
        },
        {
          "description": "Ignore manifest cache entirely",
          "name": [
            "--no-cache"
          ]
        },
        {
          "description": "Don't log anything",
          "name": [
            "--silent"
          ]
        },
        {
          "description": "Excessively verbose logging",
          "name": [
            "--verbose"
          ]
        },
        {
          "description": "Install globally",
          "name": [
            "-g",
            "--global"
          ]
        },
        {
          "args": {
            "name": "path",
            "template": "folders"
          },
          "description": "Set a specific cwd",
          "name": [
            "--cwd"
          ]
        },
        {
          "args": {
            "name": "syscall",
            "suggestions": [
              {
                "name": "clonefile"
              },
              {
                "name": "copyfile"
              }
            ]
          },
          "description": "Platform-specific optimizations for installing dependencies. For macOS, 'clonefile' (default), 'copyfile'",
          "name": [
            "--backend"
          ]
        },
        {
          "args": {
            "isVariadic": true,
            "name": "str"
          },
          "description": "Link 'bin' from a matching platform-specific 'optionalDependencies' instead. Default: esbuild, turbo",
          "name": [
            "--link-native-bins"
          ]
        },
        {
          "description": "Print the help menu",
          "name": [
            "--help"
          ]
        },
        {
          "description": "Disable the progress bar",
          "name": [
            "--no-progress"
          ]
        },
        {
          "description": "Don't print a summary",
          "name": [
            "--no-summary"
          ]
        },
        {
          "description": "Skip verifying integrity of newly downloaded packages",
          "name": [
            "--no-verify"
          ]
        },
        {
          "description": "Skip lifecycle scripts in the project's package.json (dependency scripts are never run)",
          "name": [
            "--ignore-scripts"
          ]
        },
        {
          "description": "Install as devDependency",
          "name": [
            "-d",
            "--dev",
            "-D",
            "--development"
          ]
        },
        {
          "description": "Install exact version",
          "name": [
            "--exact"
          ]
        },
        {
          "description": "Install as optionalDependency",
          "name": [
            "--optional"
          ]
        }
      ]
    },
    {
      "args": {
        "description": "Install a package from the global package registry",
        "generators": [
          {
            "cache": {
              "ttl_seconds": 87
            },
            "script": [
              "command",
              "sh",
              "-c",
              "find $BUN_INSTALL/install/global/node_modules -type l -o -type d -maxdepth 2 | awk -F 'node_modules/' '{print $2}'"
            ],
            "transforms": [
              "split_lines",
              "filter_empty"
            ]
          }
        ],
        "isOptional": true,
        "name": "package"
      },
      "description": "Run without an argument to register this package to the global package registry. Uses the name field from package.json",
      "name": "link",
      "options": [
        {
          "description": "Save to package.json",
          "name": [
            "--save"
          ]
        }
      ]
    },
    {
      "description": "Unlink this package from the global package registry",
      "name": "unlink"
    },
    {
      "description": "Get the latest version of bun",
      "name": "upgrade",
      "options": [
        {
          "description": "Install the latest canary release",
          "name": [
            "--canary"
          ]
        }
      ]
    },
    {
      "args": {
        "description": "Test files to run",
        "generators": [
          {
            "cache": {
              "ttl_seconds": 87
            },
            "script": [
              "command",
              "sh",
              "-c",
              "find $(npm prefix) | grep -E \".*.(test|_test|spec|_spec).(ts|tsx|js|jsx)$\" | grep -vE \".*/node_modules/.*\" | sed \"s|$(npm prefix)/||\""
            ],
            "transforms": [
              "split_lines",
              "filter_empty"
            ]
          }
        ],
        "isOptional": true,
        "isVariadic": true,
        "name": "files"
      },
      "description": "Run unit tests with Bun",
      "name": "test",
      "options": [
        {
          "description": "Display this help and exit",
          "name": [
            "-h",
            "--help"
          ]
        },
        {
          "description": "Force a script or package to use Bun's runtime instead of Node.js (via symlinking node)",
          "name": [
            "-b",
            "--bun"
          ]
        },
        {
          "args": {
            "description": "Absolute path to resolve files & entry points from. This just changes the process' cwd",
            "name": "path"
          },
          "name": [
            "--cwd"
          ]
        },
        {
          "args": {
            "description": "Config file to load Bun from (e.g. -c bunfig.toml)",
            "isOptional": true,
            "name": "path",
            "template": "filepaths"
          },
          "description": "Load config (bunfig.toml)",
          "name": [
            "-c",
            "--config"
          ]
        },
        {
          "args": {
            "description": "Defaults to: .tsx,.ts,.jsx,.js,.json",
            "isVariadic": true,
            "name": "order"
          },
          "name": [
            "--extension-order"
          ]
        },
        {
          "args": {
            "name": "name",
            "suggestions": [
              {
                "name": "React.createElement"
              },
              {
                "name": "h"
              },
              {
                "name": "preact.h"
              }
            ]
          },
          "description": "Changes the function called when compiling JSX elements using the classic JSX runtime",
          "name": [
            "--jsx-factory"
          ]
        },
        {
          "args": {
            "isOptional": true,
            "name": "string"
          },
          "description": "Changes the function called when compiling JSX fragments",
          "name": [
            "--jsx-fragment"
          ]
        },
        {
          "args": {
            "name": "module",
            "suggestions": [
              {
                "name": "react"
              }
            ]
          },
          "description": "Declares the module specifier to be used for importing the jsx and jsxs factory functions. Default: \"react\"",
          "name": [
            "--jsx-import-source"
          ]
        },
        {
          "args": {
            "name": "name",
            "suggestions": [
              {
                "name": "automatic"
              },
              {
                "name": "classic"
              }
            ]
          },
          "description": "\"automatic\" (default) or \"classic\"",
          "name": [
            "--jsx-runtime"
          ]
        },
        {
          "args": {
            "description": "Import a module before other modules are loaded",
            "isVariadic": true,
            "name": "args"
          },
          "name": [
            "-r",
            "--preload"
          ]
        },
        {
          "args": {
            "description": "Main fields to lookup in package.json. Defaults to --target dependent",
            "isVariadic": true,
            "name": "args"
          },
          "name": [
            "--main-fields"
          ]
        },
        {
          "description": "Don't print a summary (when generating .bun)",
          "name": [
            "--no-summary"
          ]
        },
        {
          "description": "Print version and exit",
          "name": [
            "-v",
            "--version"
          ]
        },
        {
          "description": "Print version with revision and exit",
          "name": [
            "--revision"
          ]
        },
        {
          "args": {
            "description": "Load tsconfig from path instead of cwd/tsconfig.json",
            "name": "overrides"
          },
          "name": [
            "--tsconfig-override"
          ]
        },
        {
          "args": {
            "description": "Substitute key=value while parsing, e.g. --define process.env.NODE_ENV=development",
            "isVariadic": true,
            "name": "k=v"
          },
          "name": [
            "-d",
            "--define"
          ]
        },
        {
          "args": {
            "description": "Exclude module from transpilation (can use * wildcards). ex: -e react",
            "isVariadic": true,
            "name": "args"
          },
          "name": [
            "-e",
            "--external"
          ]
        },
        {
          "args": {
            "description": "Parse files with .ext:loader, e.g. --loader .js:jsx. Valid loaders: js, jsx, ts, tsx, json, toml, text, file, wasm, napi",
            "generators": [
              {
                "js_source": "(...d)=>G(this,void 0,void 0,function*(){let[r]=d,l=r[r.length-1],y=J(l,e,n),h=y===-1||l.slice(y,y+e.length)!==e,g=h?t:a,w=he(h,i),f=yield ie(g,h?s?e:\"\":o?n:\"\",w,d);if(h){if(c)return f;let N=l.split(n).map(k=>k.slice(0,k.indexOf(e)));return te(N,f)}if(p)return f;let S=l.split(n).map(N=>N.slice(N.indexOf(e)+e.length));return te(S,f)})",
                "requires_js": true
              }
            ],
            "isVariadic": true,
            "name": "args"
          },
          "name": [
            "-l",
            "--loader"
          ]
        },
        {
          "args": {
            "description": "Rewrite import URLs to start with --origin. Default: \"\"",
            "name": "args"
          },
          "name": [
            "-u",
            "--origin"
          ]
        },
        {
          "args": {
            "description": "Port to serve Bun's dev server on. Default: \"3000\"",
            "name": "args"
          },
          "name": [
            "-p",
            "--port"
          ]
        },
        {
          "description": "Use less memory, but run garbage collection more often",
          "name": [
            "--smol"
          ]
        },
        {
          "description": "Minify (experimental)",
          "name": [
            "--minify"
          ]
        },
        {
          "description": "Minify syntax and inline data (experimental)",
          "name": [
            "--minify-syntax"
          ]
        },
        {
          "description": "Minify whitespace (experimental)",
          "name": [
            "--minify-whitespace"
          ]
        },
        {
          "description": "Minify identifiers",
          "name": [
            "--minify-identifiers"
          ]
        },
        {
          "description": "Disable macros from being executed in the bundler, transpiler and runtime",
          "name": [
            "--no-macros"
          ]
        },
        {
          "args": {
            "generators": [
              {
                "js_source": "(...s)=>G(this,void 0,void 0,function*(){var o;let c=yield ie(n,a?e:\"\",t,s);if(i)return c;let[p]=s,d=(o=p[p.length-1])===null||o===void 0?void 0:o.split(e);return te(d,c)})",
                "requires_js": true
              }
            ]
          },
          "description": "Target environment",
          "name": [
            "--target"
          ]
        },
        {
          "args": {
            "description": "Activate inspector on particular port and/or hostname",
            "isOptional": true,
            "name": "[host:]port",
            "suggestions": [
              {
                "description": "Serve on port 3000",
                "name": "3000"
              },
              {
                "description": "Serve on port 8080",
                "name": "8080"
              }
            ]
          },
          "description": "Activate Bun's debugger for a file",
          "name": [
            "--inspect"
          ]
        },
        {
          "args": {
            "description": "Activate inspector on particular port and/or hostname",
            "isOptional": true,
            "name": "[host:]port",
            "suggestions": [
              {
                "description": "Serve on port 3000",
                "name": "3000"
              },
              {
                "description": "Serve on port 8080",
                "name": "8080"
              }
            ]
          },
          "description": "Activate Bun's Debugger, wait for a connection before executing",
          "name": [
            "--inspect-wait"
          ]
        },
        {
          "args": {
            "description": "Activate inspector on particular port and/or hostname",
            "isOptional": true,
            "name": "[host:]port",
            "suggestions": [
              {
                "description": "Serve on port 3000",
                "name": "3000"
              },
              {
                "description": "Serve on port 8080",
                "name": "8080"
              }
            ]
          },
          "description": "Activate Bun's Debugger, set breakpoint on first line of code and wait",
          "name": [
            "--inspect-brk"
          ]
        },
        {
          "description": "Exit if the entrypoint does not exist",
          "name": [
            "--if-present"
          ]
        },
        {
          "description": "Enable auto reload in the Bun runtime, test runner, or bundler",
          "name": [
            "--hot"
          ]
        },
        {
          "description": "Automatically restart the process on file change",
          "name": [
            "--watch"
          ]
        },
        {
          "description": "Disable auto install in the Bun runtime",
          "name": [
            "--no-install"
          ]
        },
        {
          "description": "Automatically install dependencies and use global cache in Bun's runtime, equivalent to --install=fallback",
          "name": [
            "-i"
          ]
        },
        {
          "args": {
            "description": "Install dependencies automatically when no node_modules are present, default: \"auto\". \"force\" to ignore node_modules, fallback to install any missing",
            "name": "arg",
            "suggestions": [
              {
                "name": "auto"
              },
              {
                "name": "force"
              },
              {
                "name": "fallback"
              },
              {
                "name": "disable"
              }
            ]
          },
          "name": [
            "--install"
          ]
        },
        {
          "description": "Skip staleness checks for packages in the Bun runtime and resolve from disk",
          "name": [
            "--prefer-offline"
          ]
        },
        {
          "description": "Use the latest matching versions of packages in the Bun runtime, always checking npm",
          "name": [
            "--prefer-latest"
          ]
        },
        {
          "description": "Don't repeat the command for bun run",
          "name": [
            "--silent"
          ]
        },
        {
          "args": {
            "name": "number"
          },
          "description": "Set the per-test timeout in milliseconds, default is 5000",
          "name": [
            "--timeout"
          ]
        },
        {
          "description": "Update snapshot files",
          "name": [
            "--update-snapshots"
          ]
        },
        {
          "args": {
            "name": "number"
          },
          "description": "Re-run each test file <NUMBER> times, helps catch certain bugs",
          "name": [
            "--rerun-each"
          ]
        },
        {
          "description": "Only run tests that are marked with \"test.only()\"",
          "name": [
            "--only"
          ]
        },
        {
          "description": "Include tests that are marked with \"test.todo()\"",
          "name": [
            "--todo"
          ]
        },
        {
          "description": "Generate a coverage profile",
          "name": [
            "--coverage"
          ]
        },
        {
          "args": {
            "isOptional": true,
            "name": "number"
          },
          "description": "Exit the test suite after <NUMBER> failures. If you do not specify a number, it defaults to 1",
          "name": [
            "--bail"
          ]
        },
        {
          "args": {
            "name": "pattern"
          },
          "description": "Run only tests with a name that matches the given regex",
          "name": [
            "-t",
            "--test-name-pattern"
          ]
        },
        {
          "description": "Dump environment variables from .env and process as JSON and quit. Useful for debugging",
          "name": [
            "--dump-environment-variables"
          ]
        },
        {
          "description": "Dump system limits. Useful for debugging",
          "name": [
            "--dump-limits"
          ]
        }
      ]
    },
    {
      "description": "Set of utilities for working with Bun's package manager",
      "name": "pm",
      "options": [
        {
          "description": "Print the path to bin folder",
          "name": [
            "bin"
          ]
        },
        {
          "description": "Print the path to the cache folder",
          "name": [
            "cache"
          ]
        },
        {
          "description": "Generate & print the hash of the current lockfile",
          "name": [
            "hash"
          ]
        },
        {
          "description": "Print the hash stored in the current lockfile",
          "name": [
            "hash-print"
          ]
        },
        {
          "description": "Print the string used to hash the lockfile",
          "name": [
            "hash-string"
          ]
        },
        {
          "description": "List the dependency tree according to the current lockfile",
          "name": [
            "ls"
          ]
        }
      ]
    },
    {
      "description": "Install shell completions",
      "name": "completions"
    },
    {
      "description": "Open bun's Discord server",
      "name": "discord"
    },
    {
      "description": "Print the help menu",
      "name": "help"
    },
    {
      "args": {
        "description": "The command to run",
        "generators": [
          {
            "script": [
              "bash",
              "-c",
              "until [[ -d node_modules/ ]] || [[ $PWD = '/' ]]; do cd ..; done; ls -1 node_modules/.bin/`"
            ],
            "transforms": [
              "split_lines",
              "filter_empty"
            ]
          }
        ],
        "name": "command",
        "suggestions": [
          {
            "name": "autocannon"
          },
          {
            "name": "vite"
          },
          {
            "name": "babel"
          },
          {
            "name": "create-react-native-app"
          },
          {
            "name": "react-native"
          },
          {
            "name": "tailwindcss"
          },
          {
            "name": "next"
          },
          {
            "name": "nuxi"
          },
          {
            "name": "gltfjsx"
          },
          {
            "name": "prisma"
          },
          {
            "name": "eslint"
          },
          {
            "name": "prettier"
          },
          {
            "name": "tsc"
          },
          {
            "name": "typeorm"
          },
          {
            "name": "@withfig/autocomplete-tools"
          },
          {
            "name": "create-completion-spec"
          },
          {
            "name": "@fig/publish-spec-to-team"
          },
          {
            "name": "fig-teams@latest"
          },
          {
            "name": "create-next-app"
          },
          {
            "name": "create-t3-app"
          },
          {
            "name": "create-discord-bot"
          },
          {
            "name": "create-video"
          },
          {
            "name": "remotion"
          },
          {
            "name": "create-remix"
          },
          {
            "name": "remix"
          },
          {
            "name": "playwright"
          },
          {
            "name": "ignite-cli"
          },
          {
            "name": "vsce"
          },
          {
            "name": "degit"
          },
          {
            "name": "@preset/cli"
          },
          {
            "name": "mikro-orm"
          },
          {
            "name": "pod-install"
          },
          {
            "name": "capacitor"
          },
          {
            "name": "cap"
          },
          {
            "name": "@magnolia/cli"
          },
          {
            "name": "stencil"
          },
          {
            "name": "swagger-typescript-api"
          },
          {
            "name": "sta"
          },
          {
            "name": "@wordpress/create-block"
          },
          {
            "name": "astro"
          },
          {
            "name": "ampx"
          }
        ]
      },
      "description": "Run an npx command",
      "name": "x"
    },
    {
      "description": "Run a REPL (read eval print loop) with the Bun runtime.(experimental)",
      "name": "repl"
    },
    {
      "description": "Initialize a new bun project",
      "name": "init",
      "options": [
        {
          "description": "Answer yes to all prompts",
          "name": [
            "-y",
            "--yes"
          ]
        }
      ]
    }
  ]
}
