{
  "args": {
    "description": "The command to run",
    "generators": [
      {
        "script": [
          "bash",
          "-c",
          "until [[ -d node_modules/ ]] || [[ $PWD = '/' ]]; do cd ..; done; ls -1 node_modules/.bin/`"
        ],
        "transforms": [
          "split_lines",
          "filter_empty"
        ]
      }
    ],
    "name": "command",
    "suggestions": [
      {
        "name": "autocannon"
      },
      {
        "name": "vite"
      },
      {
        "name": "babel"
      },
      {
        "name": "create-react-native-app"
      },
      {
        "name": "react-native"
      },
      {
        "name": "tailwindcss"
      },
      {
        "name": "next"
      },
      {
        "name": "nuxi"
      },
      {
        "name": "gltfjsx"
      },
      {
        "name": "prisma"
      },
      {
        "name": "eslint"
      },
      {
        "name": "prettier"
      },
      {
        "name": "tsc"
      },
      {
        "name": "typeorm"
      },
      {
        "name": "@withfig/autocomplete-tools"
      },
      {
        "name": "create-completion-spec"
      },
      {
        "name": "@fig/publish-spec-to-team"
      },
      {
        "name": "fig-teams@latest"
      },
      {
        "name": "create-next-app"
      },
      {
        "name": "create-t3-app"
      },
      {
        "name": "create-discord-bot"
      },
      {
        "name": "create-video"
      },
      {
        "name": "remotion"
      },
      {
        "name": "create-remix"
      },
      {
        "name": "remix"
      },
      {
        "name": "playwright"
      },
      {
        "name": "ignite-cli"
      },
      {
        "name": "vsce"
      },
      {
        "name": "degit"
      },
      {
        "name": "@preset/cli"
      },
      {
        "name": "mikro-orm"
      },
      {
        "name": "pod-install"
      },
      {
        "name": "capacitor"
      },
      {
        "name": "cap"
      },
      {
        "name": "@magnolia/cli"
      },
      {
        "name": "stencil"
      },
      {
        "name": "swagger-typescript-api"
      },
      {
        "name": "sta"
      },
      {
        "name": "@wordpress/create-block"
      },
      {
        "name": "astro"
      },
      {
        "name": "ampx"
      }
    ]
  },
  "name": "bunx"
}
