{
  "args": {
    "description": "Year to print calendar of",
    "name": "year"
  },
  "description": "Displays a calendar and the date of Easter",
  "name": "cal",
  "options": [
    {
      "description": "Turns off highlighting of today",
      "name": [
        "-h"
      ]
    },
    {
      "description": "Display Julian days (days one-based, numbered from January 1)",
      "name": [
        "-j"
      ]
    },
    {
      "args": {
        "name": "month",
        "suggestions": [
          {
            "name": "january"
          },
          {
            "name": "february"
          },
          {
            "name": "march"
          },
          {
            "name": "april"
          },
          {
            "name": "may"
          },
          {
            "name": "june"
          },
          {
            "name": "july"
          },
          {
            "name": "august"
          },
          {
            "name": "september"
          },
          {
            "name": "october"
          },
          {
            "name": "november"
          },
          {
            "name": "december"
          }
        ]
      },
      "description": "Display the specified month.  If month is specified as a decimal number, it may be followed by the letter ‘f’ or ‘p’ to indicate the following or preceding month of that number, respectively",
      "name": [
        "-m"
      ]
    },
    {
      "description": "Display a calendar for the specified year",
      "name": [
        "-y"
      ]
    }
  ]
}
