{
  "args": {
    "name": "name",
    "template": "folders"
  },
  "description": "Creates a new React Native project",
  "name": "create-react-native-app",
  "options": [
    {
      "args": {
        "name": "template"
      },
      "description": "The name of a template from expo/examples or URL to a GitHub repo that contains an example",
      "name": [
        "--template"
      ]
    },
    {
      "args": {
        "name": "name"
      },
      "description": "The path inside of a GitHub repo where the example lives",
      "name": [
        "--template-path"
      ]
    },
    {
      "args": {
        "isOptional": true,
        "name": "boolean",
        "suggestions": [
          {
            "name": "true"
          },
          {
            "name": "false"
          }
        ]
      },
      "description": "Use the default options for creating a project",
      "name": [
        "--yes"
      ]
    },
    {
      "args": {
        "isOptional": true,
        "name": "boolean",
        "suggestions": [
          {
            "name": "true"
          },
          {
            "name": "false"
          }
        ]
      },
      "description": "Skip installing npm packages or CocoaPods",
      "name": [
        "--no-install"
      ]
    },
    {
      "args": {
        "isOptional": true,
        "name": "boolean",
        "suggestions": [
          {
            "name": "true"
          },
          {
            "name": "false"
          }
        ]
      },
      "description": "Use npm to install dependencies. (default when Yarn is not installed)",
      "name": [
        "--use-npm"
      ]
    },
    {
      "description": "Output usage information",
      "name": [
        "-h",
        "--help"
      ]
    },
    {
      "description": "Output the version number",
      "name": [
        "-V",
        "--version"
      ]
    }
  ]
}
