{
  "description": "Upgrade Ubuntu to latest release",
  "name": "do-release-upgrade",
  "options": [
    {
      "description": "Show help message and exit",
      "name": [
        "-h",
        "--help"
      ]
    },
    {
      "description": "If using the latest supported release, upgrade to the development release",
      "name": [
        "-d",
        "--devel-release"
      ]
    },
    {
      "description": "Try upgrading to the latest release using the upgrader from Ubuntu-proposed",
      "name": [
        "-p",
        "--proposed"
      ]
    },
    {
      "args": {
        "name": "mode",
        "suggestions": [
          {
            "name": "desktop"
          },
          {
            "name": "server"
          }
        ]
      },
      "description": "Run in a special upgrade mode",
      "name": [
        "-m"
      ]
    },
    {
      "args": {
        "name": "mode",
        "suggestions": [
          {
            "name": "desktop"
          },
          {
            "name": "server"
          }
        ]
      },
      "description": "Run in a special upgrade mode",
      "name": [
        "--mode"
      ]
    },
    {
      "args": {
        "name": "frontend"
      },
      "description": "Run the specified frontend",
      "name": [
        "-f"
      ]
    },
    {
      "args": {
        "name": "frontend"
      },
      "description": "Run the specified frontend",
      "name": [
        "--frontend"
      ]
    }
  ]
}
