{
  "args": [
    {
      "generators": [
        {
          "js_source": "s=>Array.from(new Set(s.split(`\n`))).map(e=>({name:e,description:`NAMESPACE ${e}`}))",
          "requires_js": true,
          "script": [
            "envchain",
            "--list"
          ]
        }
      ],
      "name": "NAMESPACE"
    },
    {
      "name": "CMD"
    }
  ],
  "description": "Set environment variables with macOS keychain or D-Bus secret service",
  "name": "envchain",
  "subcommands": [
    {
      "args": [
        {
          "generators": [
            {
              "js_source": "s=>Array.from(new Set(s.split(`\n`))).map(e=>({name:e,description:`NAMESPACE ${e}`}))",
              "requires_js": true,
              "script": [
                "envchain",
                "--list"
              ]
            }
          ],
          "name": "NAMESPACE"
        },
        {
          "isVariadic": true,
          "name": "ENV"
        }
      ],
      "description": "Add keychain item of environment variable +ENV+ for namespace +NAMESPACE+",
      "name": "-s",
      "options": [
        {
          "description": "Do not echo user input",
          "name": [
            "-n",
            "--noecho"
          ]
        },
        {
          "description": "Always ask for keychain passphrase",
          "name": [
            "-p",
            "--require-passphrase"
          ]
        },
        {
          "description": "Do not ask for keychain passphrase",
          "name": [
            "-P",
            "--no-require-passphrase"
          ]
        }
      ]
    },
    {
      "description": "List namespaces that have been created",
      "name": "-l"
    }
  ]
}
