{
  "args": {
    "generators": [
      {
        "js_source": "(p,g,O)=>ue(this,void 0,void 0,function*(){var d;let{isDangerous:_,currentWorkingDirectory:w,searchTerm:h}=O,S=(d=(0,m.getCurrentInsertedDirectory)(u??w,h,O))!==null&&d!==void 0?d:\"/\";try{let z=yield g({command:\"ls\",args:[\"-1ApL\"],cwd:S}),X=k(z.stdout.split(`\n`),[\".DS_Store\"]),N=[];for(let A of X)if(A){let F=A.endsWith(\"/\")?\"folders\":\"filepaths\";(F===\"filepaths\"&&c!==\"only\"||F===\"folders\"&&c!==\"never\")&&N.push({type:F===\"filepaths\"?\"file\":\"folder\",name:A,insertValue:A,isDangerous:_,context:{templateType:F}})}return b(y(N))}catch{return[]}})",
        "requires_js": true
      }
    ],
    "isOptional": true,
    "isVariadic": true,
    "name": "source|dir"
  },
  "description": "Render markdown on the CLI, with pizzazz!",
  "name": "glow",
  "options": [
    {
      "description": "Show system files and directories (TUI-mode only)",
      "name": [
        "-a",
        "--all"
      ]
    },
    {
      "args": {
        "name": "path",
        "template": "filepaths"
      },
      "description": "Config file",
      "name": [
        "--config"
      ]
    },
    {
      "description": "Help for glow",
      "name": [
        "-h",
        "--help"
      ]
    },
    {
      "description": "Show local files only; no network (TUI-mode only)",
      "name": [
        "-l",
        "--local"
      ]
    },
    {
      "description": "Display with pager",
      "name": [
        "-p",
        "--pager"
      ]
    },
    {
      "args": {
        "name": "name",
        "suggestions": [
          {
            "name": "auto"
          },
          {
            "name": "light"
          },
          {
            "name": "dark"
          },
          {
            "name": "notty"
          }
        ],
        "template": "filepaths"
      },
      "description": "Style name or JSON path (default 'auto')",
      "name": [
        "-s",
        "--style"
      ]
    },
    {
      "description": "Version for glow",
      "name": [
        "-v",
        "--version"
      ]
    },
    {
      "args": {
        "name": "column"
      },
      "description": "Word-wrap at width",
      "name": [
        "-w",
        "--width"
      ]
    }
  ],
  "subcommands": [
    {
      "description": "Edit the glow config file",
      "name": "config"
    },
    {
      "args": {
        "isOptional": true,
        "name": "command",
        "template": "help"
      },
      "description": "Help about any command",
      "name": "help"
    },
    {
      "args": {
        "generators": [
          {
            "js_source": "(p,g,O)=>ue(this,void 0,void 0,function*(){var d;let{isDangerous:_,currentWorkingDirectory:w,searchTerm:h}=O,S=(d=(0,m.getCurrentInsertedDirectory)(u??w,h,O))!==null&&d!==void 0?d:\"/\";try{let z=yield g({command:\"ls\",args:[\"-1ApL\"],cwd:S}),X=k(z.stdout.split(`\n`),[\".DS_Store\"]),N=[];for(let A of X)if(A){let F=A.endsWith(\"/\")?\"folders\":\"filepaths\";(F===\"filepaths\"&&c!==\"only\"||F===\"folders\"&&c!==\"never\")&&N.push({type:F===\"filepaths\"?\"file\":\"folder\",name:A,insertValue:A,isDangerous:_,context:{templateType:F}})}return b(y(N))}catch{return[]}})",
            "requires_js": true
          }
        ],
        "isOptional": true,
        "name": "path"
      },
      "description": "Manage your stash of markdown files",
      "name": "stash",
      "options": [
        {
          "args": {
            "name": "note"
          },
          "description": "Memo/note for stashing",
          "name": [
            "-m",
            "--memo"
          ]
        }
      ]
    }
  ]
}
