{
  "args": {
    "description": "To launch a class file",
    "generators": [
      {
        "js_source": "(h,v,O)=>ue(this,void 0,void 0,function*(){var d;let{isDangerous:_,currentWorkingDirectory:b,searchTerm:p}=O,w=(d=(0,g.getCurrentInsertedDirectory)(u??b,p,O))!==null&&d!==void 0?d:\"/\";try{let q=yield v({command:\"ls\",args:[\"-1ApL\"],cwd:w}),X=$(q.stdout.split(`\n`),[\".DS_Store\"]),R=[];for(let V of X)if(V){let F=V.endsWith(\"/\")?\"folders\":\"filepaths\";(F===\"filepaths\"&&c!==\"only\"||F===\"folders\"&&c!==\"never\")&&R.push({type:F===\"filepaths\"?\"file\":\"folder\",name:V,insertValue:V,isDangerous:_,context:{templateType:F}})}return S(y(R))}catch{return[]}})",
        "requires_js": true
      }
    ],
    "name": "mainclass"
  },
  "description": "Launch a Java application",
  "name": "java",
  "options": [
    {
      "args": {
        "generators": [
          {
            "js_source": "(h,v,O)=>ue(this,void 0,void 0,function*(){var d;let{isDangerous:_,currentWorkingDirectory:b,searchTerm:p}=O,w=(d=(0,g.getCurrentInsertedDirectory)(u??b,p,O))!==null&&d!==void 0?d:\"/\";try{let q=yield v({command:\"ls\",args:[\"-1ApL\"],cwd:w}),X=$(q.stdout.split(`\n`),[\".DS_Store\"]),R=[];for(let V of X)if(V){let F=V.endsWith(\"/\")?\"folders\":\"filepaths\";(F===\"filepaths\"&&c!==\"only\"||F===\"folders\"&&c!==\"never\")&&R.push({type:F===\"filepaths\"?\"file\":\"folder\",name:V,insertValue:V,isDangerous:_,context:{templateType:F}})}return S(y(R))}catch{return[]}})",
            "requires_js": true
          }
        ],
        "name": "JAR file"
      },
      "description": "To launch the main class in a JAR file",
      "name": [
        "-jar"
      ],
      "priority": 99
    },
    {
      "description": "Set a system property, -D<NAME>=<VALUE>",
      "name": [
        "-D"
      ],
      "priority": 98
    },
    {
      "description": "Show help for java",
      "name": [
        "--help",
        "-h",
        "-?"
      ]
    },
    {
      "description": "Print product version to the error stream and exit",
      "name": [
        "--version",
        "-version"
      ]
    },
    {
      "description": "Print product version to the output stream and continue",
      "name": [
        "-showversion",
        "--show-version"
      ]
    },
    {
      "description": "Create VM and load main class but do not execute main method",
      "name": [
        "--dry-run"
      ]
    },
    {
      "args": {
        "name": "search files",
        "template": "filepaths"
      },
      "description": "Class search path of directories and zip/jar files",
      "name": [
        "--classpath",
        "-cp"
      ]
    }
  ]
}
