{
  "args": {
    "description": "FIFO(s) to create",
    "isVariadic": true,
    "name": "FIFO"
  },
  "description": "Make FIFOs (first-in, first-out)",
  "name": "mkfifo",
  "options": [
    {
      "args": {
        "name": "MODE",
        "suggestions": [
          {
            "name": "0666"
          },
          {
            "name": "0644"
          },
          {
            "name": "0444"
          }
        ]
      },
      "description": "Set the file permission bits of newly-created fifos to mode, without respect to the current umask; the mode is specified as in chmod(1)",
      "name": [
        "-m"
      ]
    }
  ]
}
