{
  "description": "Nuxt 3 CLI",
  "name": "nuxi",
  "options": [
    {
      "description": "Show help",
      "name": [
        "--help"
      ]
    }
  ],
  "subcommands": [
    {
      "args": {
        "description": "The directory of the target application",
        "isOptional": true,
        "name": "rootDir",
        "template": "folders"
      },
      "description": "The info command logs information about the current or specified Nuxt project",
      "name": "info"
    },
    {
      "args": {
        "description": "Name of the install directory",
        "name": "dir"
      },
      "description": "The init command initializes a fresh Nuxt project",
      "name": "init",
      "options": [
        {
          "description": "Log information about the installation process",
          "name": [
            "--verbose",
            "-v"
          ]
        },
        {
          "description": "Specify a Git repository to use as a template",
          "name": [
            "--template",
            "-t"
          ]
        },
        {
          "description": "Force clone to any existing directory",
          "name": [
            "--force"
          ]
        },
        {
          "description": "Try local cache first to download templates",
          "name": [
            "--prefer-offline"
          ]
        },
        {
          "description": "Open shell in cloned directory (experimental)",
          "name": [
            "--shell"
          ]
        }
      ]
    },
    {
      "args": [
        {
          "description": "Specify a template of the file to be generated",
          "name": "TEMPLATE",
          "suggestions": [
            {
              "description": "Generate a nuxt component",
              "name": "component"
            },
            {
              "description": "Generate a nuxt composable",
              "name": "composable"
            },
            {
              "description": "Generate a nuxt layout",
              "name": "layout"
            },
            {
              "description": "Generate a nuxt plugin",
              "name": "plugin"
            },
            {
              "description": "Generate a nuxt page",
              "name": "page"
            },
            {
              "description": "Generate a nuxt middleware",
              "name": "middleware"
            },
            {
              "description": "Generate a nuxt api",
              "name": "api"
            }
          ]
        },
        {
          "description": "Specify a name of the file that will be created",
          "name": "NAME"
        }
      ],
      "description": "Generate a entity into your Nuxt application",
      "name": "add",
      "options": [
        {
          "description": "The current working directory of the target application",
          "name": [
            "--cwd"
          ]
        },
        {
          "description": "Force override file if it already exists",
          "name": [
            "--force"
          ]
        }
      ]
    },
    {
      "args": {
        "description": "The directory of the target application",
        "isOptional": true,
        "name": "rootDir",
        "template": "folders"
      },
      "description": "The analyze command builds Nuxt and analyzes the production bundle (experimental)",
      "name": "analyze"
    },
    {
      "args": {
        "description": "The directory of the target application",
        "isOptional": true,
        "name": "rootDir",
        "template": "folders"
      },
      "description": "The build command creates a .output directory with all your application, server and dependencies ready for production",
      "name": "build",
      "options": [
        {
          "description": "Point to another .env file to load, relative to the root directory",
          "name": [
            "--dotenv"
          ]
        },
        {
          "description": "Pre-render every route of your application. (note: This is an experimental flag. The behavior might be changed)",
          "name": [
            "--prerender"
          ]
        }
      ]
    },
    {
      "args": {
        "description": "The directory of the target application",
        "isOptional": true,
        "name": "rootDir",
        "template": "folders"
      },
      "description": "The dev command starts a development server with hot module replacement at http://localhost:3000",
      "name": "dev",
      "options": [
        {
          "description": "Point to another .env file to load, relative to the root directory",
          "name": [
            "--dotenv"
          ]
        },
        {
          "description": "Copy URL to clipboard",
          "name": [
            "--clipboard"
          ]
        },
        {
          "description": "Open URL in browser",
          "name": [
            "--open",
            "-o"
          ]
        },
        {
          "description": "Does not clear the console after startup",
          "name": [
            "--no-clear"
          ]
        },
        {
          "description": "Port to listen",
          "name": [
            "--port",
            "-p"
          ]
        },
        {
          "description": "Hostname of the server",
          "name": [
            "--host",
            "-h"
          ]
        },
        {
          "description": "Listen with https protocol with a self-signed certificate by default",
          "name": [
            "--https"
          ]
        },
        {
          "description": "Specify a certificate for https",
          "name": [
            "--ssl-cert"
          ]
        },
        {
          "description": "Specify the key for the https certificate",
          "name": [
            "--ssl-key"
          ]
        }
      ]
    },
    {
      "description": "The prepare command creates a .nuxt directory in your application and generates ts types",
      "name": "prepare"
    },
    {
      "args": {
        "description": "The directory of the target application",
        "isOptional": true,
        "name": "rootDir",
        "template": "folders"
      },
      "description": "The preview command starts a server to preview your Nuxt application after running the build command",
      "name": "preview",
      "options": [
        {
          "description": "Point to another .env file to load, relative to the root directory",
          "name": [
            "--dotenv"
          ]
        }
      ]
    },
    {
      "args": {
        "description": "The directory of the target application",
        "isOptional": true,
        "name": "rootDir",
        "template": "folders"
      },
      "description": "Build Nuxt and prerender static routes",
      "name": "generate"
    },
    {
      "args": {
        "description": "The directory of the target application",
        "isOptional": true,
        "name": "rootDir",
        "template": "folders"
      },
      "description": "The cleanup command removes common generated Nuxt files and caches including .nuxt/, .output/, node_modules/.vite and node_modules/.cache",
      "name": "clean"
    },
    {
      "args": {
        "description": "The directory of the target application",
        "isOptional": true,
        "name": "rootDir",
        "template": "folders"
      },
      "description": "Run the test files for your Nuxt application",
      "name": "test",
      "options": [
        {
          "description": "Run tests in development mode",
          "name": [
            "--dev"
          ]
        },
        {
          "description": "Actively watch for changes and rerun tests",
          "name": [
            "--watch"
          ]
        }
      ]
    },
    {
      "description": "The upgrade command upgrades Nuxt 3 to the latest version",
      "name": "upgrade",
      "options": [
        {
          "description": "Removes node_modules and lock files before upgrade",
          "name": [
            "--force",
            "-f"
          ]
        }
      ]
    },
    {
      "args": {
        "description": "The directory of the target application",
        "isOptional": true,
        "name": "rootDir",
        "template": "folders"
      },
      "description": "The typecheck command runs vue-tsc to check types throughout your app",
      "name": "typecheck"
    },
    {
      "description": "The usage command shows the usage of the Nuxt CLI",
      "name": "usage"
    }
  ]
}
