{
  "args": {
    "description": "Script to run from your package.json",
    "generators": [
      {
        "cache": {
          "cache_by_directory": true
        },
        "type": "npm_scripts"
      }
    ],
    "name": "Scripts"
  },
  "description": "Run arbitrary package scripts for rush project. analogous to npm run",
  "name": "rushx",
  "options": [
    {
      "description": "Show this help message and exit",
      "name": [
        "-h",
        "--help"
      ]
    },
    {
      "description": "Hide rushx startup information",
      "name": [
        "-q",
        "--quiet"
      ]
    }
  ]
}
