{
  "description": "CLI for the Sapphire Framework",
  "name": "sapphire",
  "options": [
    {
      "description": "Show help for sapphire",
      "name": [
        "--help",
        "-h"
      ],
      "priority": 10
    },
    {
      "description": "Output the version number",
      "name": [
        "--version",
        "-V"
      ],
      "priority": 1
    }
  ],
  "subcommands": [
    {
      "args": {
        "description": "Project name",
        "isOptional": true,
        "name": "name"
      },
      "description": "Creates a new Sapphire project",
      "name": "new",
      "options": [
        {
          "description": "Enable verbose logging",
          "name": [
            "-v",
            "--verbose"
          ]
        }
      ],
      "priority": 100
    },
    {
      "args": [
        {
          "description": "Component/piece name",
          "name": "component"
        },
        {
          "description": "File name",
          "name": "name",
          "template": "filepaths"
        }
      ],
      "description": "Generates a component/piece",
      "name": "generate",
      "priority": 90
    },
    {
      "description": "Creates a config file on an existing Sapphire project",
      "name": "init",
      "priority": 80
    },
    {
      "args": {
        "description": "Command to display help for",
        "isOptional": true,
        "name": "command",
        "template": "help"
      },
      "description": "Display help for command",
      "name": "help",
      "priority": 70
    }
  ]
}
