{
  "description": "Command-line utility for running shortcuts",
  "name": "shortcuts",
  "subcommands": [
    {
      "args": {
        "description": "The name of the shortcut to run",
        "generators": [
          {
            "script": [
              "shortcuts",
              "list"
            ],
            "transforms": [
              "split_lines",
              "filter_empty"
            ]
          }
        ],
        "name": "shortcut-name"
      },
      "description": "Run a shortcut",
      "name": "run",
      "options": [
        {
          "args": {
            "name": "input-path",
            "template": "filepaths"
          },
          "description": "The input to provide to the shortcut",
          "name": [
            "-i",
            "--input-path"
          ]
        },
        {
          "args": {
            "name": "output-path",
            "template": "filepaths"
          },
          "description": "Where to write the shortcut output, if applicable",
          "name": [
            "-o",
            "--output-path"
          ]
        },
        {
          "args": {
            "name": "output-type",
            "suggestions": [
              {
                "description": "JavaScript Object Notation (JSON)",
                "name": "public.json"
              },
              {
                "description": "Plain text",
                "name": "public.plain-text"
              },
              {
                "description": "HTML",
                "name": "public.html"
              },
              {
                "description": "XML",
                "name": "public.xml"
              },
              {
                "description": "Adobe PDF",
                "name": "com.adobe.pdf"
              },
              {
                "description": "VCard",
                "name": "public.vcard"
              }
            ]
          },
          "description": "What type to output data in, in Universal Type Identifier format",
          "name": [
            "--output-type"
          ]
        }
      ]
    },
    {
      "description": "List your shortcuts",
      "name": "list",
      "options": [
        {
          "args": {
            "generators": [
              {
                "script": [
                  "shortcuts",
                  "list",
                  "--folders"
                ],
                "transforms": [
                  "split_lines",
                  "filter_empty"
                ]
              }
            ],
            "name": "folder-name"
          },
          "description": "The name of the folder to list",
          "name": [
            "--folder-name",
            "-f"
          ]
        },
        {
          "description": "List folders instead of shortcuts",
          "name": [
            "--folders"
          ]
        }
      ]
    },
    {
      "args": {
        "description": "The name of the shortcut to view",
        "generators": [
          {
            "script": [
              "shortcuts",
              "list"
            ],
            "transforms": [
              "split_lines",
              "filter_empty"
            ]
          }
        ],
        "name": "shortcut-name"
      },
      "description": "View a shortcut in Shortcuts",
      "name": "view"
    },
    {
      "description": "Sign a shortcut file",
      "name": "sign",
      "options": [
        {
          "args": {
            "generators": [
              {
                "js_source": "(p,m,_)=>fe(this,void 0,void 0,function*(){var d;let{isDangerous:b,currentWorkingDirectory:O,searchTerm:h}=_,w=(d=(0,v.getCurrentInsertedDirectory)(l??O,h,_))!==null&&d!==void 0?d:\"/\";try{let N=yield m({command:\"ls\",args:[\"-1ApL\"],cwd:w}),Y=J(N.stdout.split(`\n`),[\".DS_Store\"]),W=[];for(let V of Y)if(V){let F=V.endsWith(\"/\")?\"folders\":\"filepaths\";(F===\"filepaths\"&&c!==\"only\"||F===\"folders\"&&c!==\"never\")&&W.push({type:F===\"filepaths\"?\"file\":\"folder\",name:V,insertValue:V,isDangerous:b,context:{templateType:F}})}return S(g(W))}catch{return[]}})",
                "requires_js": true
              }
            ],
            "name": "input"
          },
          "description": "The shortcut file to sign",
          "name": [
            "--input",
            "-i"
          ]
        },
        {
          "args": {
            "name": "output",
            "template": "filepaths"
          },
          "description": "Output path for the signed shortcut file",
          "name": [
            "--output",
            "-o"
          ]
        },
        {
          "args": {
            "name": "mode",
            "suggestions": [
              {
                "name": "people-who-know-me"
              },
              {
                "name": "anyone"
              }
            ]
          },
          "description": "The signing mode. (default: people-who-know-me)",
          "name": [
            "--mode",
            "-m"
          ]
        }
      ]
    },
    {
      "description": "Show help information",
      "name": "help",
      "subcommands": [
        {
          "description": "Run a shortcut",
          "name": "run"
        },
        {
          "description": "List your shortcuts",
          "name": "list"
        },
        {
          "description": "View a shortcut in Shortcuts",
          "name": "view"
        },
        {
          "description": "Sign a shortcut file",
          "name": "sign"
        }
      ]
    }
  ]
}
